src/app/api/orbit/[workspaceSlug]/scout/monitor/route.ts(15,19): error TS2345: Argument of type '() => Promise<Response>' is not assignable to parameter of type 'Promise<unknown>'.
src/app/api/orbit/[workspaceSlug]/scout/topics/route.test.ts(39,18): error TS2339: Property 'status' does not exist on type 'Result<unknown, Error>'.
  Property 'status' does not exist on type 'Success<unknown>'.
src/app/api/orbit/[workspaceSlug]/scout/topics/route.test.ts(47,18): error TS2339: Property 'status' does not exist on type 'Result<unknown, Error>'.
  Property 'status' does not exist on type 'Success<unknown>'.
src/app/api/orbit/[workspaceSlug]/scout/topics/route.test.ts(58,18): error TS2339: Property 'status' does not exist on type 'Result<unknown, Error>'.
  Property 'status' does not exist on type 'Success<unknown>'.
src/app/api/orbit/[workspaceSlug]/scout/topics/route.test.ts(59,30): error TS2339: Property 'json' does not exist on type 'Result<unknown, Error>'.
  Property 'json' does not exist on type 'Success<unknown>'.
src/app/api/orbit/[workspaceSlug]/scout/topics/route.test.ts(69,18): error TS2339: Property 'status' does not exist on type 'Result<unknown, Error>'.
  Property 'status' does not exist on type 'Success<unknown>'.
src/app/api/orbit/[workspaceSlug]/scout/topics/route.test.ts(80,18): error TS2339: Property 'status' does not exist on type 'Result<unknown, Error>'.
  Property 'status' does not exist on type 'Success<unknown>'.
src/app/api/orbit/[workspaceSlug]/scout/topics/route.test.ts(99,18): error TS2339: Property 'status' does not exist on type 'Result<unknown, Error>'.
  Property 'status' does not exist on type 'Success<unknown>'.
src/app/api/orbit/[workspaceSlug]/scout/topics/route.test.ts(100,30): error TS2339: Property 'json' does not exist on type 'Result<unknown, Error>'.
  Property 'json' does not exist on type 'Success<unknown>'.
src/app/api/orbit/[workspaceSlug]/scout/topics/route.ts(22,27): error TS6133: 'req' is declared but its value is never read.
src/app/api/orbit/[workspaceSlug]/scout/topics/route.ts(23,19): error TS2345: Argument of type '() => Promise<Response>' is not assignable to parameter of type 'Promise<unknown>'.
src/app/api/orbit/[workspaceSlug]/scout/topics/route.ts(37,19): error TS2345: Argument of type '() => Promise<Response>' is not assignable to parameter of type 'Promise<unknown>'.
src/app/api/orbit/[workspaceSlug]/scout/trigger/route.test.ts(3,36): error TS2307: Cannot find module '@/lib/scout/topic-monitor' or its corresponding type declarations.
src/app/api/orbit/[workspaceSlug]/scout/trigger/route.test.ts(28,18): error TS2339: Property 'status' does not exist on type 'Result<unknown, Error>'.
  Property 'status' does not exist on type 'Success<unknown>'.
src/app/api/orbit/[workspaceSlug]/scout/trigger/route.test.ts(36,18): error TS2339: Property 'status' does not exist on type 'Result<unknown, Error>'.
  Property 'status' does not exist on type 'Success<unknown>'.
src/app/api/orbit/[workspaceSlug]/scout/trigger/route.test.ts(46,18): error TS2339: Property 'status' does not exist on type 'Result<unknown, Error>'.
  Property 'status' does not exist on type 'Success<unknown>'.
src/app/api/orbit/[workspaceSlug]/scout/trigger/route.test.ts(47,30): error TS2339: Property 'json' does not exist on type 'Result<unknown, Error>'.
  Property 'json' does not exist on type 'Success<unknown>'.
src/app/api/orbit/[workspaceSlug]/scout/trigger/route.ts(3,36): error TS2307: Cannot find module '@/lib/scout/topic-monitor' or its corresponding type declarations.
src/app/api/orbit/[workspaceSlug]/scout/trigger/route.ts(14,28): error TS6133: 'req' is declared but its value is never read.
src/app/api/orbit/[workspaceSlug]/scout/trigger/route.ts(15,19): error TS2345: Argument of type '() => Promise<Response>' is not assignable to parameter of type 'Promise<unknown>'.
src/lib/allocator/allocator-service.test.ts(115,72): error TS2345: Argument of type '{ id: string; userId: string; sessionId: string; attributionType: "FIRST_TOUCH"; platform: string; externalCampaignId: string; utmCampaign: string; utmSource: string; utmMedium: string; conversionType: "PURCHASE"; conversionValue: number; convertedAt: Date; }[]' is not assignable to parameter of type '{ id: string; userId: string; sessionId: string; platform: string | null; utmSource: string | null; utmMedium: string | null; utmCampaign: string | null; conversionId: string; attributionType: AttributionType; externalCampaignId: string | null; conversionType: ConversionType; conversionValue: number | null; converte...'.
  Property 'conversionId' is missing in type '{ id: string; userId: string; sessionId: string; attributionType: "FIRST_TOUCH"; platform: string; externalCampaignId: string; utmCampaign: string; utmSource: string; utmMedium: string; conversionType: "PURCHASE"; conversionValue: number; convertedAt: Date; }' but required in type '{ id: string; userId: string; sessionId: string; platform: string | null; utmSource: string | null; utmMedium: string | null; utmCampaign: string | null; conversionId: string; attributionType: AttributionType; externalCampaignId: string | null; conversionType: ConversionType; conversionValue: number | null; converte...'.
src/lib/allocator/allocator-service.test.ts(163,72): error TS2345: Argument of type '{ id: string; userId: string; sessionId: string; attributionType: "FIRST_TOUCH"; platform: string; externalCampaignId: string; utmCampaign: string; utmSource: string; utmMedium: string; conversionType: "PURCHASE"; conversionValue: number; convertedAt: Date; }[]' is not assignable to parameter of type '{ id: string; userId: string; sessionId: string; platform: string | null; utmSource: string | null; utmMedium: string | null; utmCampaign: string | null; conversionId: string; attributionType: AttributionType; externalCampaignId: string | null; conversionType: ConversionType; conversionValue: number | null; converte...'.
  Property 'conversionId' is missing in type '{ id: string; userId: string; sessionId: string; attributionType: "FIRST_TOUCH"; platform: string; externalCampaignId: string; utmCampaign: string; utmSource: string; utmMedium: string; conversionType: "PURCHASE"; conversionValue: number; convertedAt: Date; }' but required in type '{ id: string; userId: string; sessionId: string; platform: string | null; utmSource: string | null; utmMedium: string | null; utmCampaign: string | null; conversionId: string; attributionType: AttributionType; externalCampaignId: string | null; conversionType: ConversionType; conversionValue: number | null; converte...'.
src/lib/allocator/allocator-service.test.ts(219,72): error TS2345: Argument of type '{ id: string; userId: string; sessionId: string; attributionType: "FIRST_TOUCH"; platform: string; externalCampaignId: string; utmCampaign: string; utmSource: string; utmMedium: string; conversionType: "PURCHASE"; conversionValue: number; convertedAt: Date; }[]' is not assignable to parameter of type '{ id: string; userId: string; sessionId: string; platform: string | null; utmSource: string | null; utmMedium: string | null; utmCampaign: string | null; conversionId: string; attributionType: AttributionType; externalCampaignId: string | null; conversionType: ConversionType; conversionValue: number | null; converte...'.
  Property 'conversionId' is missing in type '{ id: string; userId: string; sessionId: string; attributionType: "FIRST_TOUCH"; platform: string; externalCampaignId: string; utmCampaign: string; utmSource: string; utmMedium: string; conversionType: "PURCHASE"; conversionValue: number; convertedAt: Date; }' but required in type '{ id: string; userId: string; sessionId: string; platform: string | null; utmSource: string | null; utmMedium: string | null; utmCampaign: string | null; conversionId: string; attributionType: AttributionType; externalCampaignId: string | null; conversionType: ConversionType; conversionValue: number | null; converte...'.
src/lib/allocator/allocator-service.test.ts(270,72): error TS2345: Argument of type '{ id: string; userId: string; sessionId: string; attributionType: "FIRST_TOUCH"; platform: string; externalCampaignId: string; utmCampaign: string; utmSource: string; utmMedium: string; conversionType: "PURCHASE"; conversionValue: number; convertedAt: Date; }[]' is not assignable to parameter of type '{ id: string; userId: string; sessionId: string; platform: string | null; utmSource: string | null; utmMedium: string | null; utmCampaign: string | null; conversionId: string; attributionType: AttributionType; externalCampaignId: string | null; conversionType: ConversionType; conversionValue: number | null; converte...'.
  Property 'conversionId' is missing in type '{ id: string; userId: string; sessionId: string; attributionType: "FIRST_TOUCH"; platform: string; externalCampaignId: string; utmCampaign: string; utmSource: string; utmMedium: string; conversionType: "PURCHASE"; conversionValue: number; convertedAt: Date; }' but required in type '{ id: string; userId: string; sessionId: string; platform: string | null; utmSource: string | null; utmMedium: string | null; utmCampaign: string | null; conversionId: string; attributionType: AttributionType; externalCampaignId: string | null; conversionType: ConversionType; conversionValue: number | null; converte...'.
src/lib/allocator/facebook-ads/campaign-sync.test.ts(40,27): error TS2741: Property 'id' is missing in type '{ account_id: string; name: string; }' but required in type 'FacebookAdAccount'.
src/lib/allocator/facebook-ads/campaign-sync.test.ts(43,27): error TS2741: Property 'objective' is missing in type '{ id: string; name: string; status: string; }' but required in type 'FacebookCampaign'.
src/lib/allocator/facebook-ads/campaign-sync.test.ts(46,27): error TS2741: Property 'bid_strategy' is missing in type '{ id: string; name: string; status: string; }' but required in type 'FacebookAdSet'.
src/lib/tracking/attribution.test.ts(225,9): error TS2345: Argument of type '{ id: string; userId: string; sessionId: string; attributionType: "FIRST_TOUCH"; conversionType: "SIGNUP"; conversionValue: null; platform: string; externalCampaignId: null; utmCampaign: string; utmSource: string; utmMedium: string; convertedAt: Date; }' is not assignable to parameter of type '{ id: string; userId: string; sessionId: string; platform: string | null; utmSource: string | null; utmMedium: string | null; utmCampaign: string | null; conversionId: string; attributionType: AttributionType; externalCampaignId: string | null; conversionType: ConversionType; conversionValue: number | null; converte...'.
  Property 'conversionId' is missing in type '{ id: string; userId: string; sessionId: string; attributionType: "FIRST_TOUCH"; conversionType: "SIGNUP"; conversionValue: null; platform: string; externalCampaignId: null; utmCampaign: string; utmSource: string; utmMedium: string; convertedAt: Date; }' but required in type '{ id: string; userId: string; sessionId: string; platform: string | null; utmSource: string | null; utmMedium: string | null; utmCampaign: string | null; conversionId: string; attributionType: AttributionType; externalCampaignId: string | null; conversionType: ConversionType; conversionValue: number | null; converte...'.
src/lib/tracking/attribution.test.ts(269,9): error TS2345: Argument of type '{ id: string; userId: string; sessionId: string; attributionType: "LAST_TOUCH"; conversionType: "PURCHASE"; conversionValue: number; platform: string; externalCampaignId: null; utmCampaign: string; utmSource: string; utmMedium: string; convertedAt: Date; }' is not assignable to parameter of type '{ id: string; userId: string; sessionId: string; platform: string | null; utmSource: string | null; utmMedium: string | null; utmCampaign: string | null; conversionId: string; attributionType: AttributionType; externalCampaignId: string | null; conversionType: ConversionType; conversionValue: number | null; converte...'.
  Property 'conversionId' is missing in type '{ id: string; userId: string; sessionId: string; attributionType: "LAST_TOUCH"; conversionType: "PURCHASE"; conversionValue: number; platform: string; externalCampaignId: null; utmCampaign: string; utmSource: string; utmMedium: string; convertedAt: Date; }' but required in type '{ id: string; userId: string; sessionId: string; platform: string | null; utmSource: string | null; utmMedium: string | null; utmCampaign: string | null; conversionId: string; attributionType: AttributionType; externalCampaignId: string | null; conversionType: ConversionType; conversionValue: number | null; converte...'.
src/lib/tracking/attribution.test.ts(329,9): error TS2345: Argument of type '({ id: string; userId: string; sessionId: string; attributionType: "FIRST_TOUCH"; conversionType: "SIGNUP"; conversionValue: null; platform: string; externalCampaignId: null; utmCampaign: string; utmSource: string; utmMedium: string; convertedAt: Date; } | { ...; })[]' is not assignable to parameter of type '{ id: string; userId: string; sessionId: string; platform: string | null; utmSource: string | null; utmMedium: string | null; utmCampaign: string | null; conversionId: string; attributionType: AttributionType; externalCampaignId: string | null; conversionType: ConversionType; conversionValue: number | null; converte...'.
  Type '{ id: string; userId: string; sessionId: string; attributionType: "FIRST_TOUCH"; conversionType: "SIGNUP"; conversionValue: null; platform: string; externalCampaignId: null; utmCampaign: string; utmSource: string; utmMedium: string; convertedAt: Date; } | { ...; }' is not assignable to type '{ id: string; userId: string; sessionId: string; platform: string | null; utmSource: string | null; utmMedium: string | null; utmCampaign: string | null; conversionId: string; attributionType: AttributionType; externalCampaignId: string | null; conversionType: ConversionType; conversionValue: number | null; converte...'.
    Property 'conversionId' is missing in type '{ id: string; userId: string; sessionId: string; attributionType: "FIRST_TOUCH"; conversionType: "SIGNUP"; conversionValue: null; platform: string; externalCampaignId: null; utmCampaign: string; utmSource: string; utmMedium: string; convertedAt: Date; }' but required in type '{ id: string; userId: string; sessionId: string; platform: string | null; utmSource: string | null; utmMedium: string | null; utmCampaign: string | null; conversionId: string; attributionType: AttributionType; externalCampaignId: string | null; conversionType: ConversionType; conversionValue: number | null; converte...'.
